../Core/Src/main.c:91:5:main	8	static
../Core/Src/main.c:161:6:SystemClock_Config	88	static
../Core/Src/main.c:208:13:MX_LPUART1_UART_Init	8	static
../Core/Src/main.c:255:13:MX_SPI3_Init	8	static
../Core/Src/main.c:295:13:MX_TIM2_Init	40	static
../Core/Src/main.c:340:13:MX_GPIO_Init	48	static
../Core/Src/main.c:388:6:SPI_Setup	8	static
../Core/Src/main.c:397:6:Tuatunn	8	static
../Core/Src/main.c:443:6:ReadSwitch	4	static
../Core/Src/main.c:462:6:HAL_SPI_TxRxCpltCallback	16	static
../Core/Src/main.c:466:6:HAL_TIM_PeriodElapsedCallback	16	static
../Core/Src/main.c:491:6:UART_Transmit	8	static
../Core/Src/main.c:506:6:Error_Handler	4	static,ignoring_inline_asm
