03:08:40 **** Incremental Build of configuration Debug for project TUATUNN ****
make -j8 all 
arm-none-eabi-gcc "../Core/Src/main.c" -mcpu=cortex-m4 -std=gnu11 -g3 -DDEBUG -DUSE_HAL_DRIVER -DSTM32G474xx -c -I../Core/Inc -I../Drivers/STM32G4xx_HAL_Driver/Inc -I../Drivers/STM32G4xx_HAL_Driver/Inc/Legacy -I../Drivers/CMSIS/Device/ST/STM32G4xx/Include -I../Drivers/CMSIS/Include -O0 -ffunction-sections -fdata-sections -Wall -fstack-usage -fcyclomatic-complexity -MMD -MP -MF"Core/Src/main.d" -MT"Core/Src/main.o" --specs=nano.specs -mfpu=fpv4-sp-d16 -mfloat-abi=hard -mthumb -o "Core/Src/main.o"
arm-none-eabi-gcc -o "TUATUNN.elf" @"objects.list"   -mcpu=cortex-m4 -T"C:\Users\ppreawsr\OneDrive\Documents\GitHub\LAB3_game\TUATUNN\STM32G474RETX_FLASH.ld" --specs=nosys.specs -Wl,-Map="TUATUNN.map" -Wl,--gc-sections -static --specs=nano.specs -mfpu=fpv4-sp-d16 -mfloat-abi=hard -mthumb -Wl,--start-group -lc -lm -Wl,--end-group
Finished building target: TUATUNN.elf
 
arm-none-eabi-size  TUATUNN.elf 
arm-none-eabi-objdump -h -S TUATUNN.elf  > "TUATUNN.list"
   text	   data	    bss	    dec	    hex	filename
  24824	    108	   2300	  27232	   6a60	TUATUNN.elf
Finished building: default.size.stdout
 
Finished building: TUATUNN.list
 

03:08:50 Build Finished. 0 errors, 0 warnings. (took 9s.506ms)

